[kkkkk123564.blogspot.com/index.html]
[backblue.gif]
[fade.gif]
[index.html]
[kkkkk123564.blogspot.com/favicon.ico]
[kkkkk123564.blogspot.com/feeds/posts/default]
[kkkkk123564.blogspot.com/feeds/posts/default9522]
[kkkkk123564.blogspot.com/https.3.delayed]
[www.gstatic.com/external_hosted/clipboardjs/clipboard.min.js]
[kkkkk123564.blogspot.com/responsive/sprite_v1_6.css.svg]
[kkkkk123564.blogspot.com/2022/07/the-pets-animals.html]
[kkkkk123564.blogspot.com/2022/06/kopek-as-takvimi-dog-vaccination.html]
[blogger.googleusercontent.com/img/b/R29vZ2xl/AVvXsEjx_SJaCoXV_VkqVzfgMkRsPiHvb_3KA7-zcFcNYTW/w400-h266/pexels-maksim-goncharenok-4422100.jpg]
[kkkkk123564.blogspot.com/2022/06/yavrularn-hangi-cekimlere-ihtiyac-var.html]
[kkkkk123564.blogspot.com/2022/03/moviespapa-rafe-tool-2022-300mb.html]
[kkkkk123564.blogspot.com/2022/03/balklar-uyur-mu-why-does-dog-howl.html]
[kkkkk123564.blogspot.com/2022/03/beagle-kopek-irk-bilgisi-american.html]
[2.bp.blogspot.com/-YSikWHcgmBQ/YhI_hewcPpI/AAAAAAAAACo/8cryS27LrksufIeoo3YKu27uwkK_ef0bgCK4BGAYYCw/s75-pf/pexels-pixabay-220453.jpg]
[kkkkk123564.blogspot.com/2022/06/index.html]
[kkkkk123564.blogspot.com/searchdff0.html]
[kkkkk123564.blogspot.com/search/label/balığı doğurur mu.html]
[kkkkk123564.blogspot.com/2022/07/index.html]
[kkkkk123564.blogspot.com/search/label/balığı uyur mu.html]
[kkkkk123564.blogspot.com/2022/03/index.html]
[kkkkk123564.blogspot.com/search/label/beagle köpek.html]
[kkkkk123564.blogspot.com/search/label/beagle kopek.html]
[kkkkk123564.blogspot.com/search/label/beagle köpek cinsi.html]
[kkkkk123564.blogspot.com/search/label/beagle köpek cinsleri.html]
[kkkkk123564.blogspot.com/search/label/beagle köpek fiyat.html]
[kkkkk123564.blogspot.com/search/label/beagle köpek fiyatları.html]
[kkkkk123564.blogspot.com/search/label/beagle köpek sahiplenme.html]
[kkkkk123564.blogspot.com/search/label/beagle köpek yavru.html]
[kkkkk123564.blogspot.com/search/label/bir köpek neden ulur.html]
[kkkkk123564.blogspot.com/search/label/blood group of dog.html]
[kkkkk123564.blogspot.com/search/label/dog blood group.html]
[kkkkk123564.blogspot.com/search/label/doğurur mu.html]
[kkkkk123564.blogspot.com/search/label/ezanda köpek neden ulur.html]
[kkkkk123564.blogspot.com/search/label/kan grubu.html]
[kkkkk123564.blogspot.com/search/label/köpek aşi takvimi.html]
[kkkkk123564.blogspot.com/search/label/köpek aşı takvimi.html]
[kkkkk123564.blogspot.com/search/label/köpek balığı.html]
[kkkkk123564.blogspot.com/search/label/köpek balığı doğurur.html]
[kkkkk123564.blogspot.com/search/label/köpek balığı doğurur mu.html]
[kkkkk123564.blogspot.com/search/label/köpek balığı memeliler.html]
[kkkkk123564.blogspot.com/search/label/köpek balığı memeliler grubunda.html]
[kkkkk123564.blogspot.com/search/label/köpek balığı memeliler grubunda mıdır.html]
[kkkkk123564.blogspot.com/search/label/köpek balığı uyur.html]
[kkkkk123564.blogspot.com/search/label/köpek balığı uyur m.html]
[kkkkk123564.blogspot.com/search/label/köpek balığı uyur mu.html]
[kkkkk123564.blogspot.com/search/label/köpek kan grubu.html]
[kkkkk123564.blogspot.com/search/label/kopek neden ulur.html]
[kkkkk123564.blogspot.com/search/label/köpek neden ulur.html]
[kkkkk123564.blogspot.com/search/label/memeliler grubunda mıdır.html]
[kkkkk123564.blogspot.com/search/label/okununca köpek neden ulur.html]
[kkkkk123564.blogspot.com/search/label/yavru köpek aşı takvimi.html]
[kkkkk123564.blogspot.com/search/label/yavru köpek aşı takvimi ve fiyatları 2022.html]
[kkkkk123564.blogspot.com/search/label/yavru köpek neden ulur.html]
[kkkkk123564.blogspot.com/search/label/yetişkin köpek aşı takvimi.html]
[resources.blogblog.com/blogblog/data/res/3255604409-indie_compiled.js]
[www.blogger.com/static/v1/widgets/1518138593-widgets.js]
[kkkkk123564.blogspot.com/index.html]
[kkkkk123564.blogspot.com/https.html]
[kkkkk123564.blogspot.com/responsive/sprite_v1_6.css.svg]
[kkkkk123564.blogspot.com/feeds/2749270540329932846/comments/default]
[kkkkk123564.blogspot.com/2022/07/https.36.delayed]
[www.blogger.com/static/v1/jsbin/3469866930-comment_from_post_iframe.js]
[kkkkk123564.blogspot.com/2022/07/the-pets-animals.html]
[kkkkk123564.blogspot.com/feeds/222996452152843020/comments/default]
[kkkkk123564.blogspot.com/2022/06/https.3a.delayed]
[blogger.googleusercontent.com/img/b/R29vZ2xl/AVvXsEjx_SJaCoXV_VkqVzfgMkRsPiHvb_3KA7-zcFcNYTW/s5196/pexels-maksim-goncharenok-4422100.jpg]
[kkkkk123564.blogspot.com/2022/06/kopek-as-takvimi-dog-vaccination.html]
[kkkkk123564.blogspot.com/feeds/259336483914413734/comments/default]
[kkkkk123564.blogspot.com/2022/06/yavrularn-hangi-cekimlere-ihtiyac-var.html]
[kkkkk123564.blogspot.com/feeds/9070543976143709979/comments/default]
[techbhaveshyt.in/wp-content/uploads/2022/02/moviespapa-1024x595.png]
[kkkkk123564.blogspot.com/2022/03/https.3f.delayed]
[kkkkk123564.blogspot.com/2022/03/moviespapa-rafe-tool-2022-300mb.html]
[kkkkk123564.blogspot.com/feeds/8195641116581514426/comments/default]
[kkkkk123564.blogspot.com/2022/03/balklar-uyur-mu-why-does-dog-howl.html]
[kkkkk123564.blogspot.com/feeds/4836920821390597422/comments/default]
[resources.blogblog.com/blogblog/data/res/444014517-indie_compiled.js]
[kkkkk123564.blogspot.com/2022/03/beagle-kopek-irk-bilgisi-american.html]
[kkkkk123564.blogspot.com/2022/03/kopek-neden-ulur-why-does-dog-howl.html]
[kkkkk123564.blogspot.com/2022/03/kopek-kan-grubu-dog-blood-group.html]
[kkkkk123564.blogspot.com/2022/03/kopek-balg-uyur-mu-does-shark-sleep.html]
[kkkkk123564.blogspot.com/2022/03/kopek-balg-memeliler-grubunda-mdr.html]
[kkkkk123564.blogspot.com/searchdff0.html]
[kkkkk123564.blogspot.com/2022/03/kopek-balg-dogurur-mu.html]
[kkkkk123564.blogspot.com/2022/07/index.html]
[kkkkk123564.blogspot.com/search504f.html]
[kkkkk123564.blogspot.com/2022/06/index.html]
[kkkkk123564.blogspot.com/2022/03/index.html]
[kkkkk123564.blogspot.com/search5574.html]
[kkkkk123564.blogspot.com/search/label/balığı doğurur mu.html]
[kkkkk123564.blogspot.com/search/label/https.html]
[kkkkk123564.blogspot.com/search/label/balığı uyur mu.html]
[kkkkk123564.blogspot.com/search/label/balığı uyur mu64d0.html]
[kkkkk123564.blogspot.com/search/label/beagle kopek.html]
[kkkkk123564.blogspot.com/search/label/beagle kopek5b95.html]
[kkkkk123564.blogspot.com/search/label/beagle köpek.html]
[kkkkk123564.blogspot.com/search/label/beagle köpek5b95.html]
[kkkkk123564.blogspot.com/search/label/beagle köpek cinsi.html]
[kkkkk123564.blogspot.com/search/label/beagle köpek cinsi5b95.html]
[kkkkk123564.blogspot.com/search/label/beagle köpek cinsleri.html]
[kkkkk123564.blogspot.com/search/label/beagle köpek cinsleri5b95.html]
[kkkkk123564.blogspot.com/search/label/beagle köpek fiyat.html]
[kkkkk123564.blogspot.com/search/label/beagle köpek fiyat5b95.html]
[kkkkk123564.blogspot.com/search/label/beagle köpek fiyatları.html]
[kkkkk123564.blogspot.com/search/label/beagle köpek fiyatları5b95.html]
[kkkkk123564.blogspot.com/search/label/beagle köpek sahiplenme.html]
[kkkkk123564.blogspot.com/search/label/beagle köpek sahiplenme5b95.html]
[kkkkk123564.blogspot.com/search/label/beagle köpek yavru.html]
[kkkkk123564.blogspot.com/search/label/beagle köpek yavru5b95.html]
[kkkkk123564.blogspot.com/search/label/bir köpek neden ulur.html]
[kkkkk123564.blogspot.com/search/label/bir köpek neden ulurf585.html]
[kkkkk123564.blogspot.com/search/label/blood group of dog.html]
[kkkkk123564.blogspot.com/search/label/blood group of dog2166.html]
[kkkkk123564.blogspot.com/search/label/dog blood group.html]
[kkkkk123564.blogspot.com/search/label/doğurur mu.html]
[kkkkk123564.blogspot.com/search/label/dog blood group2166.html]
[kkkkk123564.blogspot.com/search/label/ezanda köpek neden ulur.html]
[kkkkk123564.blogspot.com/search/label/ezanda köpek neden ulurf585.html]
[kkkkk123564.blogspot.com/search/label/kan grubu.html]
[kkkkk123564.blogspot.com/search/label/kan grubu2166.html]
[kkkkk123564.blogspot.com/search/label/köpek aşi takvimi.html]
[kkkkk123564.blogspot.com/search/label/köpek aşi takvimi0a6d.html]
[kkkkk123564.blogspot.com/search/label/köpek aşı takvimi.html]
[kkkkk123564.blogspot.com/search/label/köpek aşı takvimi0a6d.html]
[kkkkk123564.blogspot.com/search/label/köpek balığı.html]
[kkkkk123564.blogspot.com/search/label/köpek balığı doğurur.html]
[kkkkk123564.blogspot.com/search/label/köpek balığı doğurur mu.html]
[kkkkk123564.blogspot.com/search/label/köpek balığı64d0.html]
[kkkkk123564.blogspot.com/search/label/köpek balığı memeliler.html]
[kkkkk123564.blogspot.com/search/label/köpek balığı memeliler2a5d.html]
[kkkkk123564.blogspot.com/search/label/köpek balığı memeliler grubunda.html]
[kkkkk123564.blogspot.com/search/label/köpek balığı memeliler grubunda2a5d.html]
[kkkkk123564.blogspot.com/search/label/köpek balığı memeliler grubunda mıdır.html]
[kkkkk123564.blogspot.com/search/label/köpek balığı memeliler grubunda mıdır2a5d.html]
[kkkkk123564.blogspot.com/search/label/köpek balığı uyur.html]
[kkkkk123564.blogspot.com/search/label/köpek balığı uyur64d0.html]
[kkkkk123564.blogspot.com/search/label/köpek balığı uyur m.html]
[kkkkk123564.blogspot.com/search/label/köpek balığı uyur m64d0.html]
[kkkkk123564.blogspot.com/search/label/köpek balığı uyur mu.html]
[kkkkk123564.blogspot.com/search/label/köpek balığı uyur mu64d0.html]
[kkkkk123564.blogspot.com/search/label/köpek kan grubu.html]
[kkkkk123564.blogspot.com/search/label/köpek kan grubu2166.html]
[kkkkk123564.blogspot.com/search/label/kopek neden ulur.html]
[kkkkk123564.blogspot.com/search/label/kopek neden ulurf585.html]
[kkkkk123564.blogspot.com/search/label/köpek neden ulur.html]
[kkkkk123564.blogspot.com/search/label/köpek neden ulurf585.html]
[kkkkk123564.blogspot.com/search/label/memeliler grubunda mıdır.html]
[kkkkk123564.blogspot.com/search/label/memeliler grubunda mıdır2a5d.html]
[www.google.com/js/bg/qd5KMEVePpT1ECIYP18qBYKfQjivfqNOtA0cTjFsQVM.js]
[kkkkk123564.blogspot.com/b/csi199b.js]
[kkkkk123564.blogspot.com/search/label/okununca köpek neden ulur.html]
[kkkkk123564.blogspot.com/search/label/okununca köpek neden ulurf585.html]
[kkkkk123564.blogspot.com/search/label/yavru köpek aşı takvimi.html]
[kkkkk123564.blogspot.com/search/label/yavru köpek aşı takvimi0a6d.html]
[kkkkk123564.blogspot.com/search/label/yavru köpek aşı takvimi ve fiyatları 2022.html]
[kkkkk123564.blogspot.com/search/label/yavru köpek aşı takvimi ve fiyatları 20220a6d.html]
[kkkkk123564.blogspot.com/search/label/yavru köpek neden ulur.html]
[kkkkk123564.blogspot.com/search/label/yavru köpek neden ulurf585.html]
[kkkkk123564.blogspot.com/search/label/yetişkin köpek aşı takvimi.html]
[kkkkk123564.blogspot.com/2022/07/https.html]
[www.blogger.com/dyn-css/authorization9bac.css]
[kkkkk123564.blogspot.com/2022/06/https.html]
[kkkkk123564.blogspot.com/2022/03/https.html]
[draft.blogger.com/dyn-css/authorization9bac.css]
[kkkkk123564.blogspot.com/search/label/yetişkin köpek aşı takvimi0a6d.html]
[kkkkk123564.blogspot.com/feeds/2577353564670557157/comments/default]
[cdn.akc.org/akccontentimages/dog-183288_1280.jpg]
[kkkkk123564.blogspot.com/2022/03/kopek-neden-ulur-why-does-dog-howl.html]
[kkkkk123564.blogspot.com/feeds/6290747085107067191/comments/default]
[kkkkk123564.blogspot.com/2022/03/kopek-kan-grubu-dog-blood-group.html]
[kkkkk123564.blogspot.com/feeds/1511724836212266760/comments/default]
[kkkkk123564.blogspot.com/2022/03/kopek-balg-uyur-mu-does-shark-sleep.html]
[kkkkk123564.blogspot.com/feeds/6982680084447134467/comments/default]
[kkkkk123564.blogspot.com/2022/03/kopek-balg-memeliler-grubunda-mdr.html]
[kkkkk123564.blogspot.com/feeds/6138548120184408479/comments/default]
[kkkkk123564.blogspot.com/2022/03/kopek-balg-dogurur-mu.html]
[kkkkk123564.blogspot.com/search504f.html]
[kkkkk123564.blogspot.com/searche6ae.html]
[kkkkk123564.blogspot.com/search5574.html]
[kkkkk123564.blogspot.com/search/label/https.html]
[kkkkk123564.blogspot.com/search/label/balığı uyur mu64d0.html]
[kkkkk123564.blogspot.com/search/label/beagle kopek5b95.html]
[kkkkk123564.blogspot.com/search/label/beagle köpek5b95.html]
[kkkkk123564.blogspot.com/search/label/beagle köpek cinsi5b95.html]
[kkkkk123564.blogspot.com/search/label/beagle köpek cinsleri5b95.html]
[kkkkk123564.blogspot.com/search/label/beagle köpek fiyat5b95.html]
[kkkkk123564.blogspot.com/search/label/beagle köpek fiyatları5b95.html]
[kkkkk123564.blogspot.com/search/label/beagle köpek sahiplenme5b95.html]
[kkkkk123564.blogspot.com/search/label/beagle köpek yavru5b95.html]
[kkkkk123564.blogspot.com/search/label/bir köpek neden ulurf585.html]
[kkkkk123564.blogspot.com/search/label/blood group of dog2166.html]
[kkkkk123564.blogspot.com/search/label/dog blood group2166.html]
[kkkkk123564.blogspot.com/search/label/ezanda köpek neden ulurf585.html]
[kkkkk123564.blogspot.com/search/label/kan grubu2166.html]
[kkkkk123564.blogspot.com/search/label/köpek aşi takvimi0a6d.html]
[kkkkk123564.blogspot.com/search/label/köpek aşı takvimi0a6d.html]
[kkkkk123564.blogspot.com/search/label/köpek balığı64d0.html]
[kkkkk123564.blogspot.com/search/label/köpek balığı memeliler2a5d.html]
[kkkkk123564.blogspot.com/search/label/köpek balığı memeliler grubunda2a5d.html]
[kkkkk123564.blogspot.com/search/label/köpek balığı memeliler grubunda mıdır2a5d.html]
[kkkkk123564.blogspot.com/search/label/köpek balığı uyur64d0.html]
[kkkkk123564.blogspot.com/search/label/köpek balığı uyur m64d0.html]
[kkkkk123564.blogspot.com/search/label/köpek balığı uyur mu64d0.html]
[kkkkk123564.blogspot.com/search/label/köpek kan grubu2166.html]
[kkkkk123564.blogspot.com/search/label/kopek neden ulurf585.html]
[kkkkk123564.blogspot.com/search/label/köpek neden ulurf585.html]
[kkkkk123564.blogspot.com/search/label/memeliler grubunda mıdır2a5d.html]
[kkkkk123564.blogspot.com/search/label/okununca köpek neden ulurf585.html]
[kkkkk123564.blogspot.com/search/label/yavru köpek aşı takvimi0a6d.html]
[kkkkk123564.blogspot.com/search/label/yavru köpek aşı takvimi ve fiyatları 20220a6d.html]
[kkkkk123564.blogspot.com/search/label/yavru köpek neden ulurf585.html]
[kkkkk123564.blogspot.com/search/label/yetişkin köpek aşı takvimi0a6d.html]
[kkkkk123564.blogspot.com/searche6ae.html]
[kkkkk123564.blogspot.com/searchc3e4.html]
[kkkkk123564.blogspot.com/searchc3e4.html]
